// Jest Snapshot v1, https://goo.gl/fbAQLP

exports[`Search app renders correctly 1`] = `
<div
  className="search__body"
>
  <h1>
    Search Component
  </h1>
  <div
    className="search-bar"
  >
    <label
      className="search-bar__label"
      htmlFor="search-bar"
    />
    <input
      className="search-bar__input"
      onChange={[Function]}
      placeholder="Search spots..."
      type="text"
    />
    <button
      className="search-bar__button"
      onClick={[Function]}
    >
      Search near me
    </button>
  </div>
  <div
    className="spot-table"
  >
    <ul
      className="spot-table__list"
    />
  </div>
</div>
`;
