// Jest Snapshot v1, https://goo.gl/fbAQLP

exports[`The Query Picker component renders correctly 1`] = `
<div
  className="spot-table"
>
  <ul
    className="spot-table__list"
  />
</div>
`;
